[2026-06-29 17:54 UTC] Fetching standings from ESPN API...
[2026-06-29 17:54 UTC] ERROR fetching API: <urlopen error [SSL: CERTIFICATE_VERIFY_FAILED] certificate verify failed: unable to get local issuer certificate (_ssl.c:1000)>
[2026-06-29 17:57 UTC] Scraping: https://en.wikipedia.org/wiki/2026_FIFA_World_Cup_group_stage
[2026-06-29 17:57 UTC] ERROR fetching page: <urlopen error [SSL: CERTIFICATE_VERIFY_FAILED] certificate verify failed: unable to get local issuer certificate (_ssl.c:1000)>
[2026-06-29 17:57 UTC] Scraping: https://en.wikipedia.org/wiki/2026_FIFA_World_Cup_group_stage
[2026-06-29 17:57 UTC] ERROR fetching page: HTTP Error 404: Not Found
[2026-06-29 18:03 UTC] Scraping Group A...
[2026-06-29 18:03 UTC] Scraping Group B...
[2026-06-29 18:03 UTC] Scraping Group C...
[2026-06-29 18:03 UTC] Scraping Group D...
[2026-06-29 18:03 UTC] Scraping Group E...
[2026-06-29 18:03 UTC] Scraping Group F...
[2026-06-29 18:03 UTC] Scraping Group G...
[2026-06-29 18:03 UTC] Scraping Group H...
[2026-06-29 18:03 UTC] Scraping Group I...
[2026-06-29 18:03 UTC] Scraping Group J...
[2026-06-29 18:03 UTC] Scraping Group K...
[2026-06-29 18:03 UTC] Scraping Group L...
[2026-06-29 18:03 UTC] Parsed 12 groups
[2026-06-29 18:03 UTC] index.html updated successfully (12 groups)
